// Jest Snapshot v1, https://goo.gl/fbAQLP

exports[`Pruebas de <FirstApp/> Debe hacer match con el snapshot 1`] = `
<div>
  <h1
    data-testid="test-title"
  >
    Hola, soy Andr√©s
  </h1>
  <h2>
    1994
  </h2>
  <h2 />
</div>
`;
